// Jest Snapshot v1, https://goo.gl/fbAQLP

exports[`Pruebas en <BoxMessage /> Debe hacer match con el snapshot 1`] = `
<div>
  <div
    class="box-message"
    data-testid="test-message"
  >
    <p>
      Hola
    </p>
  </div>
</div>
`;
